// Jest Snapshot v1, https://goo.gl/fbAQLP

exports[`PageHeader should match snapshot 1`] = `
.c0 {
  box-shadow: 0 1px 2px rgba(0,0,0,0.15);
  position: relative;
  padding-left: 2.5rem;
  padding-right: 2.5rem;
  padding-top: 1rem;
  padding-bottom: 1rem;
}

.c1 {
  font-family: Milo,BlinkMacSystemFont,-apple-system,Segoe UI,Roboto,Helvetica,Arial,sans-serif;
  font-size: 1.1875rem;
  font-weight: 500;
  line-height: 1.6875rem;
}

<div
  class="c0"
>
  <h1
    class="c1"
    font-family="primary"
    font-size="s"
    font-weight="500"
  >
    <span
      aria-label="smiling face with heart-shaped eyes"
      role="img"
    >
      üòç
    </span>
     
    Dashboard
  </h1>
</div>
`;
